Admin@Admin MINGW64 ~/Documents/bài tập git và github
$ git clone https://github.com/tranducquang-KHDL19A1/25174600231_tranducquang_baitap.git
Cloning into '25174600231_tranducquang_baitap'...
remote: Enumerating objects: 3, done.
remote: Counting objects: 100% (3/3), done.
remote: Compressing objects: 100% (2/2), done.
remote: Total 3 (delta 0), reused 0 (delta 0), pack-reused 0 (from 0)
Receiving objects: 100% (3/3), done.

Admin@Admin MINGW64 ~/Documents/bài tập git và github
$ cd 25174600231_tranducquang_baitap

Admin@Admin MINGW64 ~/Documents/bài tập git và github/25174600231_tranducquang_baitap (main)
$ echo "Lorem ipsum dolor sit amet, consectetur adipiscing elit. Integer efficitur, eros at
lacinia suscipit, magna turpis aliquam est, sit amet aliquam quam libero id mi. Ut vel
placerat risus. Sed tempor in ex vitae sodales. Donec et tempor orci. In pharetra
viverra sagittis. Vestibulum risus ante, molestie ac eros efficitur, bibendum tincidunt
turpis. In sit amet tortor gravida, ultricies ante vitae, varius tortor. Aliquam finibus
porta nulla sed gravida. Aliquam ultricies dapibus ante eget molestie. In hac habitasse
platea dictumst. Aliquam aliquam enim at massa pharetra, et vestibulum sapien
consequat. Donec accumsan quis metus at pellentesque. Morbi quis felis placerat,
interdum justo a, aliquam risus." > README.md

Admin@Admin MINGW64 ~/Documents/bài tập git và github/25174600231_tranducquang_baitap (main)
$ git add .

Admin@Admin MINGW64 ~/Documents/bài tập git và github/25174600231_tranducquang_baitap (main)
$ git commit -m "thay doi file"
[main 9107760] thay doi file
 1 file changed, 9 insertions(+), 2 deletions(-)

Admin@Admin MINGW64 ~/Documents/bài tập git và github/25174600231_tranducquang_baitap (main)
$ git push origin
Enumerating objects: 5, done.
Counting objects: 100% (5/5), done.
Delta compression using up to 12 threads
Compressing objects: 100% (2/2), done.
Writing objects: 100% (3/3), 630 bytes | 630.00 KiB/s, done.
Total 3 (delta 0), reused 0 (delta 0), pack-reused 0 (from 0)
To https://github.com/tranducquang-KHDL19A1/25174600231_tranducquang_baitap.git
   a3e8269..9107760  main -> main

Admin@Admin MINGW64 ~/Documents/bài tập git và github/25174600231_tranducquang_baitap (main)
$ git checkout -b "branch_1"
Switched to a new branch 'branch_1'

Admin@Admin MINGW64 ~/Documents/bài tập git và github/25174600231_tranducquang_baitap (branch_1)
$ echo "Lorem ipsum dolor sit amet, consectetur adipiscing elit." > text_branch_1.txt

Admin@Admin MINGW64 ~/Documents/bài tập git và github/25174600231_tranducquang_baitap (branch_1)
$ git add .

Admin@Admin MINGW64 ~/Documents/bài tập git và github/25174600231_tranducquang_baitap (branch_1)
$ git commit -m " nhánh 1 "
[branch_1 0f16f8e]  nhánh 1
 1 file changed, 1 insertion(+)
 create mode 100644 text_branch_1.txt

Admin@Admin MINGW64 ~/Documents/bài tập git và github/25174600231_tranducquang_baitap (branch_1)
$ git push origin branch_1
Enumerating objects: 4, done.
Counting objects: 100% (4/4), done.
Delta compression using up to 12 threads
Compressing objects: 100% (3/3), done.
Writing objects: 100% (3/3), 350 bytes | 350.00 KiB/s, done.
Total 3 (delta 0), reused 0 (delta 0), pack-reused 0 (from 0)
remote:
remote: Create a pull request for 'branch_1' on GitHub by visiting:
remote:      https://github.com/tranducquang-KHDL19A1/25174600231_tranducquang_baitap/pull/new/branch_1
remote:
To https://github.com/tranducquang-KHDL19A1/25174600231_tranducquang_baitap.git
 * [new branch]      branch_1 -> branch_1

Admin@Admin MINGW64 ~/Documents/bài tập git và github/25174600231_tranducquang_baitap (branch_1)
$ git checkout main
Switched to branch 'main'
Your branch is up to date with 'origin/main'.

Admin@Admin MINGW64 ~/Documents/bài tập git và github/25174600231_tranducquang_baitap (main)
$ git checkout -b "branch_2"
Switched to a new branch 'branch_2'

Admin@Admin MINGW64 ~/Documents/bài tập git và github/25174600231_tranducquang_baitap (branch_2)
$ echo " Praesent ullamcorper orci eu erat placerat sodales. " > text_branch_2.txt

Admin@Admin MINGW64 ~/Documents/bài tập git và github/25174600231_tranducquang_baitap (branch_2)
$ git add .

Admin@Admin MINGW64 ~/Documents/bài tập git và github/25174600231_tranducquang_baitap (branch_2)
$ git commit -m " nhánh 2 "
[branch_2 0fa60b5]  nhánh 2
 1 file changed, 1 insertion(+)
 create mode 100644 text_branch_2.txt

Admin@Admin MINGW64 ~/Documents/bài tập git và github/25174600231_tranducquang_baitap (branch_2)
$ git push origin branch_2
Enumerating objects: 4, done.
Counting objects: 100% (4/4), done.
Delta compression using up to 12 threads
Compressing objects: 100% (3/3), done.
Writing objects: 100% (3/3), 344 bytes | 344.00 KiB/s, done.
Total 3 (delta 0), reused 0 (delta 0), pack-reused 0 (from 0)
remote:
remote: Create a pull request for 'branch_2' on GitHub by visiting:
remote:      https://github.com/tranducquang-KHDL19A1/25174600231_tranducquang_baitap/pull/new/branch_2
remote:
To https://github.com/tranducquang-KHDL19A1/25174600231_tranducquang_baitap.git
 * [new branch]      branch_2 -> branch_2

Admin@Admin MINGW64 ~/Documents/bài tập git và github/25174600231_tranducquang_baitap (branch_2)
$ git checkout main
Switched to branch 'main'
Your branch is up to date with 'origin/main'.

Admin@Admin MINGW64 ~/Documents/bài tập git và github/25174600231_tranducquang_baitap (main)
$ git checkout -b "branch_3"
Switched to a new branch 'branch_3'

Admin@Admin MINGW64 ~/Documents/bài tập git và github/25174600231_tranducquang_baitap (branch_3)
$ echo "Integer sit amet nisi aliquam, tempor libero quis, cursus erat." > text_branch_3.txt

Admin@Admin MINGW64 ~/Documents/bài tập git và github/25174600231_tranducquang_baitap (branch_3)
$ git add .

Admin@Admin MINGW64 ~/Documents/bài tập git và github/25174600231_tranducquang_baitap (branch_3)
$ git commit -m " nhánh 3"
[branch_3 5d41c63]  nhánh 3
1 file changed, 1 insertion(+)
 create mode 100644 text_branch_3.txt

Admin@Admin MINGW64 ~/Documents/bài tập git và github/25174600231_tranducquang_baitap (branch_3)
$ git push origin branch_3
Enumerating objects: 4, done.
Counting objects: 100% (4/4), done.
Delta compression using up to 12 threads
Compressing objects: 100% (3/3), done.
Writing objects: 100% (3/3), 353 bytes | 353.00 KiB/s, done.
Total 3 (delta 0), reused 0 (delta 0), pack-reused 0 (from 0)
remote:
remote: Create a pull request for 'branch_3' on GitHub by visiting:
remote:      https://github.com/tranducquang-KHDL19A1/25174600231_tranducquang_baitap/pull/new/branch_3
remote:
To https://github.com/tranducquang-KHDL19A1/25174600231_tranducquang_baitap.git
 * [new branch]      branch_3 -> branch_3

Admin@Admin MINGW64 ~/Documents/bài tập git và github/25174600231_tranducquang_baitap (branch_3)
$ git checkout main
Switched to branch 'main'
Your branch is up to date with 'origin/main'.

Admin@Admin MINGW64 ~/Documents/bài tập git và github/25174600231_tranducquang_baitap (main)
$ git checkout -b "branch_4"
Switched to a new branch 'branch_4'

Admin@Admin MINGW64 ~/Documents/bài tập git và github/25174600231_tranducquang_baitap (branch_4)
$ echo "Cras ac mi nec nisi porta ultrices sed non ante." > text_branch_4.txt

Admin@Admin MINGW64 ~/Documents/bài tập git và github/25174600231_tranducquang_baitap (branch_4)
$ git add .

Admin@Admin MINGW64 ~/Documents/bài tập git và github/25174600231_tranducquang_baitap (branch_4)
$ git commit -m "nhánh 4"
[branch_4 461b3b4] nhánh 4
 1 file changed, 1 insertion(+)
 create mode 100644 text_branch_4.txt

Admin@Admin MINGW64 ~/Documents/bài tập git và github/25174600231_tranducquang_baitap (branch_4)
$ git push origin branch_4
Enumerating objects: 4, done.
Counting objects: 100% (4/4), done.
Delta compression using up to 12 threads
Compressing objects: 100% (2/2), done.
Writing objects: 100% (3/3), 342 bytes | 342.00 KiB/s, done.
Total 3 (delta 0), reused 0 (delta 0), pack-reused 0 (from 0)
remote:
remote: Create a pull request for 'branch_4' on GitHub by visiting:
remote:      https://github.com/tranducquang-KHDL19A1/25174600231_tranducquang_baitap/pull/new/branch_4
remote:
To https://github.com/tranducquang-KHDL19A1/25174600231_tranducquang_baitap.git
 * [new branch]      branch_4 -> branch_4

Admin@Admin MINGW64 ~/Documents/bài tập git và github/25174600231_tranducquang_baitap (branch_4)
$ git checkout main
Switched to branch 'main'
Your branch is up to date with 'origin/main'.

Admin@Admin MINGW64 ~/Documents/bài tập git và github/25174600231_tranducquang_baitap (main)
$ git branch -D branch_4
Deleted branch branch_4 (was 461b3b4).

Admin@Admin MINGW64 ~/Documents/bài tập git và github/25174600231_tranducquang_baitap (main)
$ git branch -l
  branch_1
  branch_2
  branch_3
* main

Admin@Admin MINGW64 ~/Documents/bài tập git và github/25174600231_tranducquang_baitap (main)
$ cd 25174600231_tranducquang_baitap
bash: cd: 25174600231_tranducquang_baitap: No such file or directory

Admin@Admin MINGW64 ~/Documents/bài tập git và github/25174600231_tranducquang_baitap (main)
$ git pull
Already up to date.

Admin@Admin MINGW64 ~/Documents/bài tập git và github/25174600231_tranducquang_baitap (main)
$ mkdir main_folder

Admin@Admin MINGW64 ~/Documents/bài tập git và github/25174600231_tranducquang_baitap (main)
$ cd main_folder

Admin@Admin MINGW64 ~/Documents/bài tập git và github/25174600231_tranducquang_baitap/main_folder (main)
$ echo " nội dung tệp 1 " > main_txt_1.txt

Admin@Admin MINGW64 ~/Documents/bài tập git và github/25174600231_tranducquang_baitap/main_folder (main)
$ echo " nội dung tệp 2 " > main_txt_2.txt

Admin@Admin MINGW64 ~/Documents/bài tập git và github/25174600231_tranducquang_baitap/main_folder (main)
$ echo " nội dung tệp 3 " > main_txt_3.txt

Admin@Admin MINGW64 ~/Documents/bài tập git và github/25174600231_tranducquang_baitap/main_folder (main)
$ git add .

Admin@Admin MINGW64 ~/Documents/bài tập git và github/25174600231_tranducquang_baitap/main_folder (main)
$ git commit -m " thêm main_foler và 3 tệp tin txt "
[main ec9610e]  thêm main_foler và 3 tệp tin txt
 3 files changed, 3 insertions(+)
 create mode 100644 main_folder/main_txt_1.txt
 create mode 100644 main_folder/main_txt_2.txt
 create mode 100644 main_folder/main_txt_3.txt

Admin@Admin MINGW64 ~/Documents/bài tập git và github/25174600231_tranducquang_baitap/main_folder (main)
$ git push origin main
Enumerating objects: 7, done.
Counting objects: 100% (7/7), done.
Delta compression using up to 12 threads
Compressing objects: 100% (3/3), done.
Writing objects: 100% (6/6), 509 bytes | 509.00 KiB/s, done.
Total 6 (delta 0), reused 0 (delta 0), pack-reused 0 (from 0)
To https://github.com/tranducquang-KHDL19A1/25174600231_tranducquang_baitap.git
   9107760..ec9610e  main -> main

Admin@Admin MINGW64 ~/Documents/bài tập git và github/25174600231_tranducquang_baitap/main_folder (main)
$ git checkout branch_1
Switched to branch 'branch_1'

Admin@Admin MINGW64 ~/Documents/bài tập git và github/25174600231_tranducquang_baitap/main_folder (branch_1)
$ git checkout -b "branch_5"
Switched to a new branch 'branch_5'

Admin@Admin MINGW64 ~/Documents/bài tập git và github/25174600231_tranducquang_baitap/main_folder (branch_5)
$ ls

Admin@Admin MINGW64 ~/Documents/bài tập git và github/25174600231_tranducquang_baitap/main_folder (branch_5)
$ echo "Etiam malesuada felis nulla, ac porta dui sollicitudin eget. Mauris hendrerit non
metus eget pellentesque. Etiam ornare ante at pretium hendrerit. Proin molestie
accumsan sapien, ac finibus libero lobortis quis. Praesent ac commodo eros. Nullam
malesuada v el dui nec feugiat. Cras justo ipsum, scelerisque et elit vitae, porttitor
tristique turpis. Nam ut hendrerit est. Nulla sed tincidunt nibh. Class aptent tacitisociosqu ad litora torquent per conubia nostra, per inceptos himenaeos. Quisque vitae
egestas lacus. Phasellus turpis ante, euismod quis pellentesque et, pharetra id ligula.
Vestibulum mattis sem ac ligula auctor viverra. Phasellus dignissim mollis leo, vitae
tristique enim." > text_branch_1.txt

Admin@Admin MINGW64 ~/Documents/bài tập git và github/25174600231_tranducquang_baitap/main_folder (branch_5)
$ git add .

Admin@Admin MINGW64 ~/Documents/bài tập git và github/25174600231_tranducquang_baitap/main_folder (branch_5)
$ git commit -m " sửa đổi file"
[branch_5 2d44bbb]  sửa đổi file
 1 file changed, 9 insertions(+)
 create mode 100644 main_folder/text_branch_1.txt

Admin@Admin MINGW64 ~/Documents/bài tập git và github/25174600231_tranducquang_baitap/main_folder (branch_5)
$ git push origin branch_5
Enumerating objects: 5, done.
Counting objects: 100% (5/5), done.
Delta compression using up to 12 threads
Compressing objects: 100% (3/3), done.
Writing objects: 100% (4/4), 790 bytes | 790.00 KiB/s, done.
Total 4 (delta 0), reused 0 (delta 0), pack-reused 0 (from 0)
remote:
remote: Create a pull request for 'branch_5' on GitHub by visiting:
remote:      https://github.com/tranducquang-KHDL19A1/25174600231_tranducquang_baitap/pull/new/branch_5
remote:
To https://github.com/tranducquang-KHDL19A1/25174600231_tranducquang_baitap.git
 * [new branch]      branch_5 -> branch_5

Admin@Admin MINGW64 ~/Documents/bài tập git và github/25174600231_tranducquang_baitap/main_folder (branch_5)
$ git checkout main
Switched to branch 'main'
Your branch is up to date with 'origin/main'.

Admin@Admin MINGW64 ~/Documents/bài tập git và github/25174600231_tranducquang_baitap/main_folder (main)
$ git branch -D branch_5
Deleted branch branch_5 (was 2d44bbb).

Admin@Admin MINGW64 ~/Documents/bài tập git và github/25174600231_tranducquang_baitap/main_folder (main)
$ git checkout main
Already on 'main'
Your branch is up to date with 'origin/main'.

Admin@Admin MINGW64 ~/Documents/bài tập git và github/25174600231_tranducquang_baitap/main_folder (main)
$ git branch -l
  branch_1
  branch_2
  branch_3
* main

Admin@Admin MINGW64 ~/Documents/bài tập git và github/25174600231_tranducquang_baitap/main_folder (main)
$ git branch -D branch_2
Deleted branch branch_2 (was 0fa60b5).

Admin@Admin MINGW64 ~/Documents/bài tập git và github/25174600231_tranducquang_baitap/main_folder (main)
$ git branch -D branch_3
Deleted branch branch_3 (was 5d41c63).

Admin@Admin MINGW64 ~/Documents/bài tập git và github/25174600231_tranducquang_baitap/main_folder (main)
$ git add .

Admin@Admin MINGW64 ~/Documents/bài tập git và github/25174600231_tranducquang_baitap/main_folder (main)
$ git commit -m " xoá file "
On branch main
Your branch is up to date with 'origin/main'.

nothing to commit, working tree clean

Admin@Admin MINGW64 ~/Documents/bài tập git và github/25174600231_tranducquang_baitap/main_folder (main)
$ git fetch
remote: Enumerating objects: 13, done.
remote: Counting objects: 100% (13/13), done.
remote: Compressing objects: 100% (8/8), done.
remote: Total 8 (delta 3), reused 0 (delta 0), pack-reused 0 (from 0)
Unpacking objects: 100% (8/8), 3.79 KiB | 114.00 KiB/s, done.
From https://github.com/tranducquang-KHDL19A1/25174600231_tranducquang_baitap
   ec9610e..cab42c6  main       -> origin/main

Admin@Admin MINGW64 ~/Documents/bài tập git và github/25174600231_tranducquang_baitap/main_folder (main)
$ git push
To https://github.com/tranducquang-KHDL19A1/25174600231_tranducquang_baitap.git
 ! [rejected]        main -> main (non-fast-forward)
error: failed to push some refs to 'https://github.com/tranducquang-KHDL19A1/25174600231_tranducquang_baitap.git'
hint: Updates were rejected because the tip of your current branch is behind
hint: its remote counterpart. If you want to integrate the remote changes,
hint: use 'git pull' before pushing again.
hint: See the 'Note about fast-forwards' in 'git push --help' for details.

Admin@Admin MINGW64 ~/Documents/bài tập git và github/25174600231_tranducquang_baitap/main_folder (main)
$ git push origin
To https://github.com/tranducquang-KHDL19A1/25174600231_tranducquang_baitap.git
 ! [rejected]        main -> main (non-fast-forward)
error: failed to push some refs to 'https://github.com/tranducquang-KHDL19A1/25174600231_tranducquang_baitap.git'
hint: Updates were rejected because the tip of your current branch is behind
hint: its remote counterpart. If you want to integrate the remote changes,
hint: use 'git pull' before pushing again.
hint: See the 'Note about fast-forwards' in 'git push --help' for details.

Admin@Admin MINGW64 ~/Documents/bài tập git và github/25174600231_tranducquang_baitap/main_folder (main)
$ git fetch

Admin@Admin MINGW64 ~/Documents/bài tập git và github/25174600231_tranducquang_baitap/main_folder (main)
$ git pull
Updating ec9610e..cab42c6
Fast-forward
 text_branch_1.txt | 1 +
 text_branch_2.txt | 1 +
 text_branch_3.txt | 1 +
 text_branch_4.txt | 1 +
 4 files changed, 4 insertions(+)
 create mode 100644 text_branch_1.txt
 create mode 100644 text_branch_2.txt
 create mode 100644 text_branch_3.txt
 create mode 100644 text_branch_4.txt

Admin@Admin MINGW64 ~/Documents/bài tập git và github/25174600231_tranducquang_baitap/main_folder (main)
$ git push origin
Everything up-to-date

Admin@Admin MINGW64 ~/Documents/bài tập git và github/25174600231_tranducquang_baitap/main_folder (main)
$ git branch -l
  branch_1
* main

Admin@Admin MINGW64 ~/Documents/bài tập git và github/25174600231_tranducquang_baitap/main_folder (main)
$ git add .

Admin@Admin MINGW64 ~/Documents/bài tập git và github/25174600231_tranducquang_baitap/main_folder (main)
$ git commit " xoá file "
error: pathspec ' xoá file ' did not match any file(s) known to git

Admin@Admin MINGW64 ~/Documents/bài tập git và github/25174600231_tranducquang_baitap/main_folder (main)
$ git commit -m " xoá file"
On branch main
Your branch is up to date with 'origin/main'.

nothing to commit, working tree clean

Admin@Admin MINGW64 ~/Documents/bài tập git và github/25174600231_tranducquang_baitap/main_folder (main)
$ git push origin
Everything up-to-date
Admin@Admin MINGW64 ~/Documents/bài tập git và github/25174600231_tranducquang_baitap/main_folder (main)
$